Compiling models...  [0.1451780585806361, 0.14470516436676437, 0.14534390734121522, 0.14544427075216831]
Done!Saving to twiddle5%method=MC%N=10000%By=0.2atW2.png
png

